TAP version 13
# Subtest: estimated sites are deterministic and marked as undocumented background
ok 1 - estimated sites are deterministic and marked as undocumented background
  ---
  duration_ms: 29.1185
  type: 'test'
  ...
# Subtest: small island grids preserve mainland sites even when the largest ring is not first
ok 2 - small island grids preserve mainland sites even when the largest ring is not first
  ---
  duration_ms: 24.8455
  type: 'test'
  ...
# Subtest: island minimum does not override invalid elevation, nonfinite terrain or steep slopes
ok 3 - island minimum does not override invalid elevation, nonfinite terrain or steep slopes
  ---
  duration_ms: 179.6447
  type: 'test'
  ...
# Subtest: empty rings select their lowest eligible seed in prehistory and Joseon
ok 4 - empty rings select their lowest eligible seed in prehistory and Joseon
  ---
  duration_ms: 1.2279
  type: 'test'
  ...
# Subtest: real ChronicleWorld islands reach their area minimum and preserve mainland counts
ok 5 - real ChronicleWorld islands reach their area minimum and preserve mainland counts
  ---
  duration_ms: 4231.1671
  type: 'test'
  ...
# Subtest: same-period year changes reuse candidates and do not refresh selection
ok 6 - same-period year changes reuse candidates and do not refresh selection
  ---
  duration_ms: 196.0312
  type: 'test'
  ...
# Subtest: threshold grows with period and shrinks for Jeju and the north
ok 7 - threshold grows with period and shrinks for Jeju and the north
  ---
  duration_ms: 23.6992
  type: 'test'
  ...
# Subtest: estimated sites yield to documented, urban and occupied areas
ok 8 - estimated sites yield to documented, urban and occupied areas
  ---
  duration_ms: 28.5645
  type: 'test'
  ...
1..8
# tests 8
# suites 0
# pass 8
# fail 0
# cancelled 0
# skipped 0
# todo 0
# duration_ms 5060.1459
